Hello from Jenkins at 2025-07-24 00:35:53
